# Test file for print_square function

>>> print_square = __import__('4-print_square').print_square

# Test with size 4
>>> print_square(4)
####
####
####
####

# Test with size 10
>>> print_square(10)
##########
##########
##########
##########
##########
##########
##########
##########
##########
##########

# Test with size 0
>>> print_square(0)

# Test with size 1
>>> print_square(1)
#

# Test with negative size
>>> try:
...     print_square(-1)
... except ValueError as e:
...     print(str(e))
size must be >= 0

# Test with float
>>> try:
...     print_square(3.14)
... except TypeError as e:
...     print(str(e))
size must be an integer

# Test with string
>>> try:
...     print_square("4")
... except TypeError as e:
...     print(str(e))
size must be an integer
